--------------------------------------------------------------------------------
Release 14.7 Trace  (nt64)
Copyright (c) 1995-2013 Xilinx, Inc.  All rights reserved.

C:\Xilinx\14.7\ISE_DS\ISE\bin\nt64\unwrapped\trce.exe -intstyle ise -v 3 -s 3
-n 3 -fastpaths -xml writeText.twx writeText.ncd -o writeText.twr writeText.pcf
-ucf writeText.ucf

Design file:              writeText.ncd
Physical constraint file: writeText.pcf
Device,package,speed:     xc6slx45,fgg676,C,-3 (PRODUCTION 1.23 2013-10-13)
Report level:             verbose report

Environment Variable      Effect 
--------------------      ------ 
NONE                      No environment variables were set
--------------------------------------------------------------------------------

INFO:Timing:2698 - No timing constraints found, doing default enumeration.
INFO:Timing:3412 - To improve timing, see the Timing Closure User Guide (UG612).
INFO:Timing:2752 - To get complete path coverage, use the unconstrained paths 
   option. All paths that are not constrained will be reported in the 
   unconstrained paths section(s) of the report.
INFO:Timing:3339 - The clock-to-out numbers in this timing report are based on 
   a 50 Ohm transmission line loading model.  For the details of this model, 
   and for more information on accounting for different loading conditions, 
   please see the device datasheet.



Data Sheet report:
-----------------
All values displayed in nanoseconds (ns)

Setup/Hold to clock clk_24
------------+------------+------------+------------+------------+------------------+--------+
            |Max Setup to|  Process   |Max Hold to |  Process   |                  | Clock  |
Source      | clk (edge) |   Corner   | clk (edge) |   Corner   |Internal Clock(s) | Phase  |
------------+------------+------------+------------+------------+------------------+--------+
reset_n     |    3.257(R)|      SLOW  |   -1.921(R)|      FAST  |clk_24_BUFGP      |   0.000|
------------+------------+------------+------------+------------+------------------+--------+

Clock clk_24 to Pad
------------+-----------------+------------+-----------------+------------+------------------+--------+
            |Max (slowest) clk|  Process   |Min (fastest) clk|  Process   |                  | Clock  |
Destination |  (edge) to PAD  |   Corner   |  (edge) to PAD  |   Corner   |Internal Clock(s) | Phase  |
------------+-----------------+------------+-----------------+------------+------------------+--------+
data<0>     |        11.091(R)|      SLOW  |         6.122(R)|      FAST  |clk_24_BUFGP      |   0.000|
data<1>     |        10.893(R)|      SLOW  |         6.020(R)|      FAST  |clk_24_BUFGP      |   0.000|
data<2>     |         9.673(R)|      SLOW  |         5.258(R)|      FAST  |clk_24_BUFGP      |   0.000|
data<3>     |         9.907(R)|      SLOW  |         5.409(R)|      FAST  |clk_24_BUFGP      |   0.000|
en          |         9.418(R)|      SLOW  |         5.074(R)|      FAST  |clk_24_BUFGP      |   0.000|
ready_out   |         7.807(R)|      SLOW  |         4.144(R)|      FAST  |clk_24_BUFGP      |   0.000|
rs          |         9.233(R)|      SLOW  |         4.983(R)|      FAST  |clk_24_BUFGP      |   0.000|
------------+-----------------+------------+-----------------+------------+------------------+--------+

Clock to Setup on destination clock clk_24
---------------+---------+---------+---------+---------+
               | Src:Rise| Src:Fall| Src:Rise| Src:Fall|
Source Clock   |Dest:Rise|Dest:Rise|Dest:Fall|Dest:Fall|
---------------+---------+---------+---------+---------+
clk_24         |    7.918|         |         |         |
---------------+---------+---------+---------+---------+

Pad to Pad
---------------+---------------+---------+
Source Pad     |Destination Pad|  Delay  |
---------------+---------------+---------+
backLightStatus|backLight      |    7.009|
---------------+---------------+---------+


Analysis completed Tue May 21 11:29:17 2019 
--------------------------------------------------------------------------------

Trace Settings:
-------------------------
Trace Settings 

Peak Memory Usage: 267 MB



